[2025-05-02T20:16:17.198+0000] {manager.py:469} INFO - Processing files using up to 2 processes at a time 
[2025-05-02T20:16:17.200+0000] {manager.py:470} INFO - Process each file at most once every 30 seconds
[2025-05-02T20:16:17.200+0000] {manager.py:471} INFO - Checking for new files in /opt/airflow/dags every 300 seconds
[2025-05-02T20:16:17.202+0000] {manager.py:738} INFO - Searching for files in /opt/airflow/dags
[2025-05-02T20:16:17.212+0000] {manager.py:741} INFO - There are 1 files in /opt/airflow/dags
[2025-05-02T20:16:17.284+0000] {manager.py:879} INFO - 
================================================================================
DAG File Processing Stats

File Path                                           PID  Runtime      # DAGs    # Errors  Last Runtime    Last Run
------------------------------------------------  -----  ---------  --------  ----------  --------------  ----------
/opt/airflow/dags/training-evaluating-hosting.py     29  0.04s             0           0
================================================================================
[2025-05-02T20:16:47.432+0000] {manager.py:879} INFO - 
================================================================================
DAG File Processing Stats

File Path                                           PID  Runtime      # DAGs    # Errors  Last Runtime    Last Run
------------------------------------------------  -----  ---------  --------  ----------  --------------  -------------------
/opt/airflow/dags/training-evaluating-hosting.py     30  0.01s             1           0  0.12s           2025-05-02T20:16:17
================================================================================
[2025-05-02T20:17:17.679+0000] {manager.py:879} INFO - 
================================================================================
DAG File Processing Stats

File Path                                           PID  Runtime      # DAGs    # Errors  Last Runtime    Last Run
------------------------------------------------  -----  ---------  --------  ----------  --------------  -------------------
/opt/airflow/dags/training-evaluating-hosting.py     31  0.01s             1           0  0.22s           2025-05-02T20:16:47
================================================================================
[2025-05-02T20:17:47.868+0000] {manager.py:879} INFO - 
================================================================================
DAG File Processing Stats

File Path                                           PID  Runtime      # DAGs    # Errors  Last Runtime    Last Run
------------------------------------------------  -----  ---------  --------  ----------  --------------  -------------------
/opt/airflow/dags/training-evaluating-hosting.py     32  0.01s             1           0  0.10s           2025-05-02T20:17:17
================================================================================
[2025-05-02T20:18:18.096+0000] {manager.py:879} INFO - 
================================================================================
DAG File Processing Stats

File Path                                           PID  Runtime      # DAGs    # Errors  Last Runtime    Last Run
------------------------------------------------  -----  ---------  --------  ----------  --------------  -------------------
/opt/airflow/dags/training-evaluating-hosting.py     33  0.01s             1           0  0.07s           2025-05-02T20:17:47
================================================================================
[2025-05-02T20:18:48.347+0000] {manager.py:879} INFO - 
================================================================================
DAG File Processing Stats

File Path                                           PID  Runtime      # DAGs    # Errors  Last Runtime    Last Run
------------------------------------------------  -----  ---------  --------  ----------  --------------  -------------------
/opt/airflow/dags/training-evaluating-hosting.py     34  0.00s             1           0  0.07s           2025-05-02T20:18:18
================================================================================
[2025-05-02T20:19:18.550+0000] {manager.py:879} INFO - 
================================================================================
DAG File Processing Stats

File Path                                           PID  Runtime      # DAGs    # Errors  Last Runtime    Last Run
------------------------------------------------  -----  ---------  --------  ----------  --------------  -------------------
/opt/airflow/dags/training-evaluating-hosting.py     35  0.01s             1           0  0.07s           2025-05-02T20:18:48
================================================================================
[2025-05-02T20:19:48.797+0000] {manager.py:879} INFO - 
================================================================================
DAG File Processing Stats

File Path                                           PID  Runtime      # DAGs    # Errors  Last Runtime    Last Run
------------------------------------------------  -----  ---------  --------  ----------  --------------  -------------------
/opt/airflow/dags/training-evaluating-hosting.py     36  0.01s             1           0  0.07s           2025-05-02T20:19:18
================================================================================
[2025-05-02T20:20:19.066+0000] {manager.py:879} INFO - 
================================================================================
DAG File Processing Stats

File Path                                           PID  Runtime      # DAGs    # Errors  Last Runtime    Last Run
------------------------------------------------  -----  ---------  --------  ----------  --------------  -------------------
/opt/airflow/dags/training-evaluating-hosting.py     37  0.02s             1           0  0.09s           2025-05-02T20:19:48
================================================================================
[2025-05-02T20:20:49.340+0000] {manager.py:879} INFO - 
================================================================================
DAG File Processing Stats

File Path                                         PID    Runtime      # DAGs    # Errors  Last Runtime    Last Run
------------------------------------------------  -----  ---------  --------  ----------  --------------  -------------------
/opt/airflow/dags/training-evaluating-hosting.py                           1           0  0.11s           2025-05-02T20:20:48
================================================================================
[2025-05-02T20:20:52.365+0000] {manager.py:451} INFO - Exiting gracefully upon receiving signal 15
[2025-05-02T20:21:24.609+0000] {manager.py:469} INFO - Processing files using up to 2 processes at a time 
[2025-05-02T20:21:24.610+0000] {manager.py:470} INFO - Process each file at most once every 30 seconds
[2025-05-02T20:21:24.612+0000] {manager.py:471} INFO - Checking for new files in /opt/airflow/dags every 300 seconds
[2025-05-02T20:21:24.613+0000] {manager.py:738} INFO - Searching for files in /opt/airflow/dags
[2025-05-02T20:21:24.621+0000] {manager.py:741} INFO - There are 1 files in /opt/airflow/dags
[2025-05-02T20:21:24.678+0000] {manager.py:879} INFO - 
================================================================================
DAG File Processing Stats

File Path                                           PID  Runtime      # DAGs    # Errors  Last Runtime    Last Run
------------------------------------------------  -----  ---------  --------  ----------  --------------  ----------
/opt/airflow/dags/training-evaluating-hosting.py     28  0.02s             0           0
================================================================================
[2025-05-02T20:21:54.933+0000] {manager.py:879} INFO - 
================================================================================
DAG File Processing Stats

File Path                                           PID  Runtime      # DAGs    # Errors  Last Runtime    Last Run
------------------------------------------------  -----  ---------  --------  ----------  --------------  -------------------
/opt/airflow/dags/training-evaluating-hosting.py     29  0.01s             1           0  0.05s           2025-05-02T20:21:24
================================================================================
[2025-05-02T20:22:25.119+0000] {manager.py:879} INFO - 
================================================================================
DAG File Processing Stats

File Path                                         PID    Runtime      # DAGs    # Errors  Last Runtime    Last Run
------------------------------------------------  -----  ---------  --------  ----------  --------------  -------------------
/opt/airflow/dags/training-evaluating-hosting.py                           1           0  0.21s           2025-05-02T20:21:55
================================================================================
[2025-05-02T20:22:55.481+0000] {manager.py:879} INFO - 
================================================================================
DAG File Processing Stats

File Path                                           PID  Runtime      # DAGs    # Errors  Last Runtime    Last Run
------------------------------------------------  -----  ---------  --------  ----------  --------------  -------------------
/opt/airflow/dags/training-evaluating-hosting.py     31  0.00s             1           0  0.07s           2025-05-02T20:22:25
================================================================================
[2025-05-02T20:23:25.726+0000] {manager.py:879} INFO - 
================================================================================
DAG File Processing Stats

File Path                                           PID  Runtime      # DAGs    # Errors  Last Runtime    Last Run
------------------------------------------------  -----  ---------  --------  ----------  --------------  -------------------
/opt/airflow/dags/training-evaluating-hosting.py     32  0.00s             1           0  0.06s           2025-05-02T20:22:55
================================================================================
[2025-05-02T20:23:55.928+0000] {manager.py:879} INFO - 
================================================================================
DAG File Processing Stats

File Path                                           PID  Runtime      # DAGs    # Errors  Last Runtime    Last Run
------------------------------------------------  -----  ---------  --------  ----------  --------------  -------------------
/opt/airflow/dags/training-evaluating-hosting.py     33  0.01s             1           0  0.05s           2025-05-02T20:23:25
================================================================================
[2025-05-02T20:24:26.139+0000] {manager.py:879} INFO - 
================================================================================
DAG File Processing Stats

File Path                                           PID  Runtime      # DAGs    # Errors  Last Runtime    Last Run
------------------------------------------------  -----  ---------  --------  ----------  --------------  -------------------
/opt/airflow/dags/training-evaluating-hosting.py     34  0.01s             1           0  0.06s           2025-05-02T20:23:55
================================================================================
[2025-05-02T20:24:56.330+0000] {manager.py:879} INFO - 
================================================================================
DAG File Processing Stats

File Path                                           PID  Runtime      # DAGs    # Errors  Last Runtime    Last Run
------------------------------------------------  -----  ---------  --------  ----------  --------------  -------------------
/opt/airflow/dags/training-evaluating-hosting.py     35  0.01s             1           0  0.07s           2025-05-02T20:24:26
================================================================================
[2025-05-02T20:25:26.511+0000] {manager.py:879} INFO - 
================================================================================
DAG File Processing Stats

File Path                                         PID    Runtime      # DAGs    # Errors  Last Runtime    Last Run
------------------------------------------------  -----  ---------  --------  ----------  --------------  -------------------
/opt/airflow/dags/training-evaluating-hosting.py                           1           0  0.10s           2025-05-02T20:25:08
================================================================================
[2025-05-02T20:25:56.761+0000] {manager.py:879} INFO - 
================================================================================
DAG File Processing Stats

File Path                                         PID    Runtime      # DAGs    # Errors  Last Runtime    Last Run
------------------------------------------------  -----  ---------  --------  ----------  --------------  -------------------
/opt/airflow/dags/training-evaluating-hosting.py                           1           0  0.08s           2025-05-02T20:25:38
================================================================================
[2025-05-02T20:26:24.989+0000] {manager.py:738} INFO - Searching for files in /opt/airflow/dags
[2025-05-02T20:26:24.999+0000] {manager.py:741} INFO - There are 1 files in /opt/airflow/dags
[2025-05-02T20:26:27.020+0000] {manager.py:879} INFO - 
================================================================================
DAG File Processing Stats

File Path                                         PID    Runtime      # DAGs    # Errors  Last Runtime    Last Run
------------------------------------------------  -----  ---------  --------  ----------  --------------  -------------------
/opt/airflow/dags/training-evaluating-hosting.py                           1           0  0.07s           2025-05-02T20:26:08
================================================================================
[2025-05-02T20:26:57.246+0000] {manager.py:879} INFO - 
================================================================================
DAG File Processing Stats

File Path                                         PID    Runtime      # DAGs    # Errors  Last Runtime    Last Run
------------------------------------------------  -----  ---------  --------  ----------  --------------  -------------------
/opt/airflow/dags/training-evaluating-hosting.py                           1           0  0.07s           2025-05-02T20:26:39
================================================================================
[2025-05-02T20:27:50.402+0000] {manager.py:469} INFO - Processing files using up to 2 processes at a time 
[2025-05-02T20:27:50.403+0000] {manager.py:470} INFO - Process each file at most once every 30 seconds
[2025-05-02T20:27:50.403+0000] {manager.py:471} INFO - Checking for new files in /opt/airflow/dags every 300 seconds
[2025-05-02T20:27:50.404+0000] {manager.py:738} INFO - Searching for files in /opt/airflow/dags
[2025-05-02T20:27:50.410+0000] {manager.py:741} INFO - There are 1 files in /opt/airflow/dags
[2025-05-02T20:27:50.469+0000] {manager.py:879} INFO - 
================================================================================
DAG File Processing Stats

File Path                                           PID  Runtime      # DAGs    # Errors  Last Runtime    Last Run
------------------------------------------------  -----  ---------  --------  ----------  --------------  ----------
/opt/airflow/dags/training-evaluating-hosting.py     28  0.02s             0           0
================================================================================
[2025-05-02T20:28:20.638+0000] {manager.py:879} INFO - 
================================================================================
DAG File Processing Stats

File Path                                           PID  Runtime      # DAGs    # Errors  Last Runtime    Last Run
------------------------------------------------  -----  ---------  --------  ----------  --------------  -------------------
/opt/airflow/dags/training-evaluating-hosting.py     29  0.00s             1           0  0.06s           2025-05-02T20:27:50
================================================================================
[2025-05-02T20:28:50.824+0000] {manager.py:879} INFO - 
================================================================================
DAG File Processing Stats

File Path                                           PID  Runtime      # DAGs    # Errors  Last Runtime    Last Run
------------------------------------------------  -----  ---------  --------  ----------  --------------  -------------------
/opt/airflow/dags/training-evaluating-hosting.py     30  0.00s             1           0  0.16s           2025-05-02T20:28:20
================================================================================
[2025-05-02T20:29:21.069+0000] {manager.py:879} INFO - 
================================================================================
DAG File Processing Stats

File Path                                           PID  Runtime      # DAGs    # Errors  Last Runtime    Last Run
------------------------------------------------  -----  ---------  --------  ----------  --------------  -------------------
/opt/airflow/dags/training-evaluating-hosting.py     31  0.01s             1           0  0.05s           2025-05-02T20:28:50
================================================================================
[2025-05-02T20:29:51.320+0000] {manager.py:879} INFO - 
================================================================================
DAG File Processing Stats

File Path                                           PID  Runtime      # DAGs    # Errors  Last Runtime    Last Run
------------------------------------------------  -----  ---------  --------  ----------  --------------  -------------------
/opt/airflow/dags/training-evaluating-hosting.py     32  0.01s             1           0  0.07s           2025-05-02T20:29:21
================================================================================
[2025-05-02T20:30:21.533+0000] {manager.py:879} INFO - 
================================================================================
DAG File Processing Stats

File Path                                           PID  Runtime      # DAGs    # Errors  Last Runtime    Last Run
------------------------------------------------  -----  ---------  --------  ----------  --------------  -------------------
/opt/airflow/dags/training-evaluating-hosting.py     33  0.01s             1           0  0.07s           2025-05-02T20:29:51
================================================================================
[2025-05-02T20:30:51.761+0000] {manager.py:879} INFO - 
================================================================================
DAG File Processing Stats

File Path                                           PID  Runtime      # DAGs    # Errors  Last Runtime    Last Run
------------------------------------------------  -----  ---------  --------  ----------  --------------  -------------------
/opt/airflow/dags/training-evaluating-hosting.py     34  0.01s             1           0  0.07s           2025-05-02T20:30:21
================================================================================
[2025-05-02T20:31:21.997+0000] {manager.py:879} INFO - 
================================================================================
DAG File Processing Stats

File Path                                           PID  Runtime      # DAGs    # Errors  Last Runtime    Last Run
------------------------------------------------  -----  ---------  --------  ----------  --------------  -------------------
/opt/airflow/dags/training-evaluating-hosting.py     35  0.01s             1           0  0.06s           2025-05-02T20:30:51
================================================================================
[2025-05-02T20:31:51.956+0000] {manager.py:451} INFO - Exiting gracefully upon receiving signal 15
