[2025-05-02T20:16:17.265+0000] {processor.py:161} INFO - Started process (PID=29) to work on /opt/airflow/dags/training-evaluating-hosting.py
[2025-05-02T20:16:17.267+0000] {processor.py:830} INFO - Processing file /opt/airflow/dags/training-evaluating-hosting.py for tasks to queue
[2025-05-02T20:16:17.271+0000] {logging_mixin.py:188} INFO - [2025-05-02T20:16:17.270+0000] {dagbag.py:538} INFO - Filling up the DagBag from /opt/airflow/dags/training-evaluating-hosting.py
[2025-05-02T20:16:17.305+0000] {processor.py:840} INFO - DAG(s) 'sysdes_component_pipeline' retrieved from /opt/airflow/dags/training-evaluating-hosting.py
[2025-05-02T20:16:17.325+0000] {logging_mixin.py:188} INFO - [2025-05-02T20:16:17.325+0000] {dag.py:3036} INFO - Sync 1 DAGs
[2025-05-02T20:16:17.347+0000] {logging_mixin.py:188} INFO - [2025-05-02T20:16:17.346+0000] {dag.py:3823} INFO - Setting next_dagrun for sysdes_component_pipeline to None, run_after=None
[2025-05-02T20:16:17.361+0000] {processor.py:183} INFO - Processing /opt/airflow/dags/training-evaluating-hosting.py took 0.099 seconds
[2025-05-02T20:16:47.443+0000] {processor.py:161} INFO - Started process (PID=30) to work on /opt/airflow/dags/training-evaluating-hosting.py
[2025-05-02T20:16:47.445+0000] {processor.py:830} INFO - Processing file /opt/airflow/dags/training-evaluating-hosting.py for tasks to queue
[2025-05-02T20:16:47.453+0000] {logging_mixin.py:188} INFO - [2025-05-02T20:16:47.453+0000] {dagbag.py:538} INFO - Filling up the DagBag from /opt/airflow/dags/training-evaluating-hosting.py
[2025-05-02T20:16:47.466+0000] {processor.py:840} INFO - DAG(s) 'sysdes_component_pipeline' retrieved from /opt/airflow/dags/training-evaluating-hosting.py
[2025-05-02T20:16:47.628+0000] {logging_mixin.py:188} INFO - [2025-05-02T20:16:47.628+0000] {dag.py:3036} INFO - Sync 1 DAGs
[2025-05-02T20:16:47.634+0000] {logging_mixin.py:188} INFO - [2025-05-02T20:16:47.634+0000] {dag.py:3823} INFO - Setting next_dagrun for sysdes_component_pipeline to None, run_after=None
[2025-05-02T20:16:47.643+0000] {processor.py:183} INFO - Processing /opt/airflow/dags/training-evaluating-hosting.py took 0.206 seconds
[2025-05-02T20:17:17.690+0000] {processor.py:161} INFO - Started process (PID=31) to work on /opt/airflow/dags/training-evaluating-hosting.py
[2025-05-02T20:17:17.692+0000] {processor.py:830} INFO - Processing file /opt/airflow/dags/training-evaluating-hosting.py for tasks to queue
[2025-05-02T20:17:17.695+0000] {logging_mixin.py:188} INFO - [2025-05-02T20:17:17.695+0000] {dagbag.py:538} INFO - Filling up the DagBag from /opt/airflow/dags/training-evaluating-hosting.py
[2025-05-02T20:17:17.712+0000] {processor.py:840} INFO - DAG(s) 'sysdes_component_pipeline' retrieved from /opt/airflow/dags/training-evaluating-hosting.py
[2025-05-02T20:17:17.736+0000] {logging_mixin.py:188} INFO - [2025-05-02T20:17:17.735+0000] {dag.py:3036} INFO - Sync 1 DAGs
[2025-05-02T20:17:17.745+0000] {logging_mixin.py:188} INFO - [2025-05-02T20:17:17.745+0000] {dag.py:3823} INFO - Setting next_dagrun for sysdes_component_pipeline to None, run_after=None
[2025-05-02T20:17:17.756+0000] {processor.py:183} INFO - Processing /opt/airflow/dags/training-evaluating-hosting.py took 0.072 seconds
[2025-05-02T20:17:47.875+0000] {processor.py:161} INFO - Started process (PID=32) to work on /opt/airflow/dags/training-evaluating-hosting.py
[2025-05-02T20:17:47.876+0000] {processor.py:830} INFO - Processing file /opt/airflow/dags/training-evaluating-hosting.py for tasks to queue
[2025-05-02T20:17:47.878+0000] {logging_mixin.py:188} INFO - [2025-05-02T20:17:47.878+0000] {dagbag.py:538} INFO - Filling up the DagBag from /opt/airflow/dags/training-evaluating-hosting.py
[2025-05-02T20:17:47.888+0000] {processor.py:840} INFO - DAG(s) 'sysdes_component_pipeline' retrieved from /opt/airflow/dags/training-evaluating-hosting.py
[2025-05-02T20:17:47.908+0000] {logging_mixin.py:188} INFO - [2025-05-02T20:17:47.908+0000] {dag.py:3036} INFO - Sync 1 DAGs
[2025-05-02T20:17:47.915+0000] {logging_mixin.py:188} INFO - [2025-05-02T20:17:47.915+0000] {dag.py:3823} INFO - Setting next_dagrun for sysdes_component_pipeline to None, run_after=None
[2025-05-02T20:17:47.924+0000] {processor.py:183} INFO - Processing /opt/airflow/dags/training-evaluating-hosting.py took 0.052 seconds
[2025-05-02T20:18:18.103+0000] {processor.py:161} INFO - Started process (PID=33) to work on /opt/airflow/dags/training-evaluating-hosting.py
[2025-05-02T20:18:18.104+0000] {processor.py:830} INFO - Processing file /opt/airflow/dags/training-evaluating-hosting.py for tasks to queue
[2025-05-02T20:18:18.106+0000] {logging_mixin.py:188} INFO - [2025-05-02T20:18:18.106+0000] {dagbag.py:538} INFO - Filling up the DagBag from /opt/airflow/dags/training-evaluating-hosting.py
[2025-05-02T20:18:18.116+0000] {processor.py:840} INFO - DAG(s) 'sysdes_component_pipeline' retrieved from /opt/airflow/dags/training-evaluating-hosting.py
[2025-05-02T20:18:18.135+0000] {logging_mixin.py:188} INFO - [2025-05-02T20:18:18.135+0000] {dag.py:3036} INFO - Sync 1 DAGs
[2025-05-02T20:18:18.142+0000] {logging_mixin.py:188} INFO - [2025-05-02T20:18:18.142+0000] {dag.py:3823} INFO - Setting next_dagrun for sysdes_component_pipeline to None, run_after=None
[2025-05-02T20:18:18.151+0000] {processor.py:183} INFO - Processing /opt/airflow/dags/training-evaluating-hosting.py took 0.052 seconds
[2025-05-02T20:18:48.357+0000] {processor.py:161} INFO - Started process (PID=34) to work on /opt/airflow/dags/training-evaluating-hosting.py
[2025-05-02T20:18:48.358+0000] {processor.py:830} INFO - Processing file /opt/airflow/dags/training-evaluating-hosting.py for tasks to queue
[2025-05-02T20:18:48.360+0000] {logging_mixin.py:188} INFO - [2025-05-02T20:18:48.360+0000] {dagbag.py:538} INFO - Filling up the DagBag from /opt/airflow/dags/training-evaluating-hosting.py
[2025-05-02T20:18:48.372+0000] {processor.py:840} INFO - DAG(s) 'sysdes_component_pipeline' retrieved from /opt/airflow/dags/training-evaluating-hosting.py
[2025-05-02T20:18:48.392+0000] {logging_mixin.py:188} INFO - [2025-05-02T20:18:48.392+0000] {dag.py:3036} INFO - Sync 1 DAGs
[2025-05-02T20:18:48.400+0000] {logging_mixin.py:188} INFO - [2025-05-02T20:18:48.399+0000] {dag.py:3823} INFO - Setting next_dagrun for sysdes_component_pipeline to None, run_after=None
[2025-05-02T20:18:48.410+0000] {processor.py:183} INFO - Processing /opt/airflow/dags/training-evaluating-hosting.py took 0.056 seconds
[2025-05-02T20:19:18.559+0000] {processor.py:161} INFO - Started process (PID=35) to work on /opt/airflow/dags/training-evaluating-hosting.py
[2025-05-02T20:19:18.560+0000] {processor.py:830} INFO - Processing file /opt/airflow/dags/training-evaluating-hosting.py for tasks to queue
[2025-05-02T20:19:18.562+0000] {logging_mixin.py:188} INFO - [2025-05-02T20:19:18.561+0000] {dagbag.py:538} INFO - Filling up the DagBag from /opt/airflow/dags/training-evaluating-hosting.py
[2025-05-02T20:19:18.571+0000] {processor.py:840} INFO - DAG(s) 'sysdes_component_pipeline' retrieved from /opt/airflow/dags/training-evaluating-hosting.py
[2025-05-02T20:19:18.593+0000] {logging_mixin.py:188} INFO - [2025-05-02T20:19:18.593+0000] {dag.py:3036} INFO - Sync 1 DAGs
[2025-05-02T20:19:18.601+0000] {logging_mixin.py:188} INFO - [2025-05-02T20:19:18.601+0000] {dag.py:3823} INFO - Setting next_dagrun for sysdes_component_pipeline to None, run_after=None
[2025-05-02T20:19:18.610+0000] {processor.py:183} INFO - Processing /opt/airflow/dags/training-evaluating-hosting.py took 0.054 seconds
[2025-05-02T20:19:48.806+0000] {processor.py:161} INFO - Started process (PID=36) to work on /opt/airflow/dags/training-evaluating-hosting.py
[2025-05-02T20:19:48.807+0000] {processor.py:830} INFO - Processing file /opt/airflow/dags/training-evaluating-hosting.py for tasks to queue
[2025-05-02T20:19:48.810+0000] {logging_mixin.py:188} INFO - [2025-05-02T20:19:48.809+0000] {dagbag.py:538} INFO - Filling up the DagBag from /opt/airflow/dags/training-evaluating-hosting.py
[2025-05-02T20:19:48.827+0000] {processor.py:840} INFO - DAG(s) 'sysdes_component_pipeline' retrieved from /opt/airflow/dags/training-evaluating-hosting.py
[2025-05-02T20:19:48.853+0000] {logging_mixin.py:188} INFO - [2025-05-02T20:19:48.853+0000] {dag.py:3036} INFO - Sync 1 DAGs
[2025-05-02T20:19:48.861+0000] {logging_mixin.py:188} INFO - [2025-05-02T20:19:48.860+0000] {dag.py:3823} INFO - Setting next_dagrun for sysdes_component_pipeline to None, run_after=None
[2025-05-02T20:19:48.869+0000] {processor.py:183} INFO - Processing /opt/airflow/dags/training-evaluating-hosting.py took 0.068 seconds
[2025-05-02T20:20:19.075+0000] {processor.py:161} INFO - Started process (PID=37) to work on /opt/airflow/dags/training-evaluating-hosting.py
[2025-05-02T20:20:19.076+0000] {processor.py:830} INFO - Processing file /opt/airflow/dags/training-evaluating-hosting.py for tasks to queue
[2025-05-02T20:20:19.079+0000] {logging_mixin.py:188} INFO - [2025-05-02T20:20:19.078+0000] {dagbag.py:538} INFO - Filling up the DagBag from /opt/airflow/dags/training-evaluating-hosting.py
[2025-05-02T20:20:19.090+0000] {processor.py:840} INFO - DAG(s) 'sysdes_component_pipeline' retrieved from /opt/airflow/dags/training-evaluating-hosting.py
[2025-05-02T20:20:19.108+0000] {logging_mixin.py:188} INFO - [2025-05-02T20:20:19.108+0000] {dag.py:3036} INFO - Sync 1 DAGs
[2025-05-02T20:20:19.115+0000] {logging_mixin.py:188} INFO - [2025-05-02T20:20:19.115+0000] {dag.py:3823} INFO - Setting next_dagrun for sysdes_component_pipeline to None, run_after=None
[2025-05-02T20:20:19.123+0000] {processor.py:183} INFO - Processing /opt/airflow/dags/training-evaluating-hosting.py took 0.053 seconds
[2025-05-02T20:20:48.335+0000] {processor.py:161} INFO - Started process (PID=38) to work on /opt/airflow/dags/training-evaluating-hosting.py
[2025-05-02T20:20:48.337+0000] {processor.py:830} INFO - Processing file /opt/airflow/dags/training-evaluating-hosting.py for tasks to queue
[2025-05-02T20:20:48.344+0000] {logging_mixin.py:188} INFO - [2025-05-02T20:20:48.343+0000] {dagbag.py:538} INFO - Filling up the DagBag from /opt/airflow/dags/training-evaluating-hosting.py
[2025-05-02T20:20:48.360+0000] {processor.py:840} INFO - DAG(s) 'sysdes_component_pipeline' retrieved from /opt/airflow/dags/training-evaluating-hosting.py
[2025-05-02T20:20:48.398+0000] {logging_mixin.py:188} INFO - [2025-05-02T20:20:48.398+0000] {dag.py:3036} INFO - Sync 1 DAGs
[2025-05-02T20:20:48.408+0000] {logging_mixin.py:188} INFO - [2025-05-02T20:20:48.408+0000] {dag.py:3823} INFO - Setting next_dagrun for sysdes_component_pipeline to None, run_after=None
[2025-05-02T20:20:48.418+0000] {processor.py:183} INFO - Processing /opt/airflow/dags/training-evaluating-hosting.py took 0.088 seconds
[2025-05-02T20:21:24.662+0000] {processor.py:161} INFO - Started process (PID=28) to work on /opt/airflow/dags/training-evaluating-hosting.py
[2025-05-02T20:21:24.663+0000] {processor.py:830} INFO - Processing file /opt/airflow/dags/training-evaluating-hosting.py for tasks to queue
[2025-05-02T20:21:24.666+0000] {logging_mixin.py:188} INFO - [2025-05-02T20:21:24.665+0000] {dagbag.py:538} INFO - Filling up the DagBag from /opt/airflow/dags/training-evaluating-hosting.py
[2025-05-02T20:21:24.672+0000] {processor.py:840} INFO - DAG(s) 'sysdes_component_pipeline' retrieved from /opt/airflow/dags/training-evaluating-hosting.py
[2025-05-02T20:21:24.686+0000] {logging_mixin.py:188} INFO - [2025-05-02T20:21:24.686+0000] {dag.py:3036} INFO - Sync 1 DAGs
[2025-05-02T20:21:24.692+0000] {logging_mixin.py:188} INFO - [2025-05-02T20:21:24.692+0000] {dag.py:3823} INFO - Setting next_dagrun for sysdes_component_pipeline to None, run_after=None
[2025-05-02T20:21:24.700+0000] {processor.py:183} INFO - Processing /opt/airflow/dags/training-evaluating-hosting.py took 0.041 seconds
[2025-05-02T20:21:54.945+0000] {processor.py:161} INFO - Started process (PID=29) to work on /opt/airflow/dags/training-evaluating-hosting.py
[2025-05-02T20:21:54.947+0000] {processor.py:830} INFO - Processing file /opt/airflow/dags/training-evaluating-hosting.py for tasks to queue
[2025-05-02T20:21:54.950+0000] {logging_mixin.py:188} INFO - [2025-05-02T20:21:54.950+0000] {dagbag.py:538} INFO - Filling up the DagBag from /opt/airflow/dags/training-evaluating-hosting.py
[2025-05-02T20:21:54.966+0000] {processor.py:840} INFO - DAG(s) 'sysdes_component_pipeline' retrieved from /opt/airflow/dags/training-evaluating-hosting.py
[2025-05-02T20:21:55.113+0000] {logging_mixin.py:188} INFO - [2025-05-02T20:21:55.113+0000] {dag.py:3036} INFO - Sync 1 DAGs
[2025-05-02T20:21:55.117+0000] {logging_mixin.py:188} INFO - [2025-05-02T20:21:55.117+0000] {dag.py:3823} INFO - Setting next_dagrun for sysdes_component_pipeline to None, run_after=None
[2025-05-02T20:21:55.126+0000] {processor.py:183} INFO - Processing /opt/airflow/dags/training-evaluating-hosting.py took 0.185 seconds
[2025-05-02T20:22:25.321+0000] {processor.py:161} INFO - Started process (PID=30) to work on /opt/airflow/dags/training-evaluating-hosting.py
[2025-05-02T20:22:25.323+0000] {processor.py:830} INFO - Processing file /opt/airflow/dags/training-evaluating-hosting.py for tasks to queue
[2025-05-02T20:22:25.325+0000] {logging_mixin.py:188} INFO - [2025-05-02T20:22:25.325+0000] {dagbag.py:538} INFO - Filling up the DagBag from /opt/airflow/dags/training-evaluating-hosting.py
[2025-05-02T20:22:25.336+0000] {processor.py:840} INFO - DAG(s) 'sysdes_component_pipeline' retrieved from /opt/airflow/dags/training-evaluating-hosting.py
[2025-05-02T20:22:25.356+0000] {logging_mixin.py:188} INFO - [2025-05-02T20:22:25.355+0000] {dag.py:3036} INFO - Sync 1 DAGs
[2025-05-02T20:22:25.362+0000] {logging_mixin.py:188} INFO - [2025-05-02T20:22:25.362+0000] {dag.py:3823} INFO - Setting next_dagrun for sysdes_component_pipeline to None, run_after=None
[2025-05-02T20:22:25.371+0000] {processor.py:183} INFO - Processing /opt/airflow/dags/training-evaluating-hosting.py took 0.054 seconds
[2025-05-02T20:22:55.489+0000] {processor.py:161} INFO - Started process (PID=31) to work on /opt/airflow/dags/training-evaluating-hosting.py
[2025-05-02T20:22:55.489+0000] {processor.py:830} INFO - Processing file /opt/airflow/dags/training-evaluating-hosting.py for tasks to queue
[2025-05-02T20:22:55.491+0000] {logging_mixin.py:188} INFO - [2025-05-02T20:22:55.491+0000] {dagbag.py:538} INFO - Filling up the DagBag from /opt/airflow/dags/training-evaluating-hosting.py
[2025-05-02T20:22:55.506+0000] {processor.py:840} INFO - DAG(s) 'sysdes_component_pipeline' retrieved from /opt/airflow/dags/training-evaluating-hosting.py
[2025-05-02T20:22:55.524+0000] {logging_mixin.py:188} INFO - [2025-05-02T20:22:55.523+0000] {dag.py:3036} INFO - Sync 1 DAGs
[2025-05-02T20:22:55.529+0000] {logging_mixin.py:188} INFO - [2025-05-02T20:22:55.529+0000] {dag.py:3823} INFO - Setting next_dagrun for sysdes_component_pipeline to None, run_after=None
[2025-05-02T20:22:55.536+0000] {processor.py:183} INFO - Processing /opt/airflow/dags/training-evaluating-hosting.py took 0.052 seconds
[2025-05-02T20:23:25.731+0000] {processor.py:161} INFO - Started process (PID=32) to work on /opt/airflow/dags/training-evaluating-hosting.py
[2025-05-02T20:23:25.732+0000] {processor.py:830} INFO - Processing file /opt/airflow/dags/training-evaluating-hosting.py for tasks to queue
[2025-05-02T20:23:25.733+0000] {logging_mixin.py:188} INFO - [2025-05-02T20:23:25.733+0000] {dagbag.py:538} INFO - Filling up the DagBag from /opt/airflow/dags/training-evaluating-hosting.py
[2025-05-02T20:23:25.740+0000] {processor.py:840} INFO - DAG(s) 'sysdes_component_pipeline' retrieved from /opt/airflow/dags/training-evaluating-hosting.py
[2025-05-02T20:23:25.753+0000] {logging_mixin.py:188} INFO - [2025-05-02T20:23:25.753+0000] {dag.py:3036} INFO - Sync 1 DAGs
[2025-05-02T20:23:25.759+0000] {logging_mixin.py:188} INFO - [2025-05-02T20:23:25.758+0000] {dag.py:3823} INFO - Setting next_dagrun for sysdes_component_pipeline to None, run_after=None
[2025-05-02T20:23:25.766+0000] {processor.py:183} INFO - Processing /opt/airflow/dags/training-evaluating-hosting.py took 0.037 seconds
[2025-05-02T20:23:55.935+0000] {processor.py:161} INFO - Started process (PID=33) to work on /opt/airflow/dags/training-evaluating-hosting.py
[2025-05-02T20:23:55.936+0000] {processor.py:830} INFO - Processing file /opt/airflow/dags/training-evaluating-hosting.py for tasks to queue
[2025-05-02T20:23:55.938+0000] {logging_mixin.py:188} INFO - [2025-05-02T20:23:55.938+0000] {dagbag.py:538} INFO - Filling up the DagBag from /opt/airflow/dags/training-evaluating-hosting.py
[2025-05-02T20:23:55.949+0000] {processor.py:840} INFO - DAG(s) 'sysdes_component_pipeline' retrieved from /opt/airflow/dags/training-evaluating-hosting.py
[2025-05-02T20:23:55.967+0000] {logging_mixin.py:188} INFO - [2025-05-02T20:23:55.967+0000] {dag.py:3036} INFO - Sync 1 DAGs
[2025-05-02T20:23:55.974+0000] {logging_mixin.py:188} INFO - [2025-05-02T20:23:55.973+0000] {dag.py:3823} INFO - Setting next_dagrun for sysdes_component_pipeline to None, run_after=None
[2025-05-02T20:23:55.982+0000] {processor.py:183} INFO - Processing /opt/airflow/dags/training-evaluating-hosting.py took 0.050 seconds
[2025-05-02T20:24:26.147+0000] {processor.py:161} INFO - Started process (PID=34) to work on /opt/airflow/dags/training-evaluating-hosting.py
[2025-05-02T20:24:26.148+0000] {processor.py:830} INFO - Processing file /opt/airflow/dags/training-evaluating-hosting.py for tasks to queue
[2025-05-02T20:24:26.150+0000] {logging_mixin.py:188} INFO - [2025-05-02T20:24:26.150+0000] {dagbag.py:538} INFO - Filling up the DagBag from /opt/airflow/dags/training-evaluating-hosting.py
[2025-05-02T20:24:26.163+0000] {processor.py:840} INFO - DAG(s) 'sysdes_component_pipeline' retrieved from /opt/airflow/dags/training-evaluating-hosting.py
[2025-05-02T20:24:26.185+0000] {logging_mixin.py:188} INFO - [2025-05-02T20:24:26.185+0000] {dag.py:3036} INFO - Sync 1 DAGs
[2025-05-02T20:24:26.192+0000] {logging_mixin.py:188} INFO - [2025-05-02T20:24:26.192+0000] {dag.py:3823} INFO - Setting next_dagrun for sysdes_component_pipeline to None, run_after=None
[2025-05-02T20:24:26.201+0000] {processor.py:183} INFO - Processing /opt/airflow/dags/training-evaluating-hosting.py took 0.058 seconds
[2025-05-02T20:24:56.335+0000] {processor.py:161} INFO - Started process (PID=35) to work on /opt/airflow/dags/training-evaluating-hosting.py
[2025-05-02T20:24:56.335+0000] {processor.py:830} INFO - Processing file /opt/airflow/dags/training-evaluating-hosting.py for tasks to queue
[2025-05-02T20:24:56.337+0000] {logging_mixin.py:188} INFO - [2025-05-02T20:24:56.337+0000] {dagbag.py:538} INFO - Filling up the DagBag from /opt/airflow/dags/training-evaluating-hosting.py
[2025-05-02T20:24:56.345+0000] {processor.py:840} INFO - DAG(s) 'sysdes_component_pipeline' retrieved from /opt/airflow/dags/training-evaluating-hosting.py
[2025-05-02T20:24:56.361+0000] {logging_mixin.py:188} INFO - [2025-05-02T20:24:56.361+0000] {dag.py:3036} INFO - Sync 1 DAGs
[2025-05-02T20:24:56.367+0000] {logging_mixin.py:188} INFO - [2025-05-02T20:24:56.367+0000] {dag.py:3823} INFO - Setting next_dagrun for sysdes_component_pipeline to None, run_after=None
[2025-05-02T20:24:56.375+0000] {processor.py:183} INFO - Processing /opt/airflow/dags/training-evaluating-hosting.py took 0.042 seconds
[2025-05-02T20:25:08.401+0000] {processor.py:161} INFO - Started process (PID=36) to work on /opt/airflow/dags/training-evaluating-hosting.py
[2025-05-02T20:25:08.402+0000] {processor.py:830} INFO - Processing file /opt/airflow/dags/training-evaluating-hosting.py for tasks to queue
[2025-05-02T20:25:08.404+0000] {logging_mixin.py:188} INFO - [2025-05-02T20:25:08.404+0000] {dagbag.py:538} INFO - Filling up the DagBag from /opt/airflow/dags/training-evaluating-hosting.py
[2025-05-02T20:25:08.414+0000] {processor.py:840} INFO - DAG(s) 'sysdes_component_pipeline' retrieved from /opt/airflow/dags/training-evaluating-hosting.py
[2025-05-02T20:25:08.474+0000] {logging_mixin.py:188} INFO - [2025-05-02T20:25:08.474+0000] {dag.py:3036} INFO - Sync 1 DAGs
[2025-05-02T20:25:08.479+0000] {logging_mixin.py:188} INFO - [2025-05-02T20:25:08.479+0000] {dag.py:3823} INFO - Setting next_dagrun for sysdes_component_pipeline to None, run_after=None
[2025-05-02T20:25:08.487+0000] {processor.py:183} INFO - Processing /opt/airflow/dags/training-evaluating-hosting.py took 0.089 seconds
[2025-05-02T20:25:38.631+0000] {processor.py:161} INFO - Started process (PID=37) to work on /opt/airflow/dags/training-evaluating-hosting.py
[2025-05-02T20:25:38.632+0000] {processor.py:830} INFO - Processing file /opt/airflow/dags/training-evaluating-hosting.py for tasks to queue
[2025-05-02T20:25:38.635+0000] {logging_mixin.py:188} INFO - [2025-05-02T20:25:38.635+0000] {dagbag.py:538} INFO - Filling up the DagBag from /opt/airflow/dags/training-evaluating-hosting.py
[2025-05-02T20:25:38.649+0000] {processor.py:840} INFO - DAG(s) 'sysdes_component_pipeline' retrieved from /opt/airflow/dags/training-evaluating-hosting.py
[2025-05-02T20:25:38.673+0000] {logging_mixin.py:188} INFO - [2025-05-02T20:25:38.673+0000] {dag.py:3036} INFO - Sync 1 DAGs
[2025-05-02T20:25:38.680+0000] {logging_mixin.py:188} INFO - [2025-05-02T20:25:38.680+0000] {dag.py:3823} INFO - Setting next_dagrun for sysdes_component_pipeline to None, run_after=None
[2025-05-02T20:25:38.688+0000] {processor.py:183} INFO - Processing /opt/airflow/dags/training-evaluating-hosting.py took 0.062 seconds
[2025-05-02T20:26:08.872+0000] {processor.py:161} INFO - Started process (PID=38) to work on /opt/airflow/dags/training-evaluating-hosting.py
[2025-05-02T20:26:08.873+0000] {processor.py:830} INFO - Processing file /opt/airflow/dags/training-evaluating-hosting.py for tasks to queue
[2025-05-02T20:26:08.875+0000] {logging_mixin.py:188} INFO - [2025-05-02T20:26:08.874+0000] {dagbag.py:538} INFO - Filling up the DagBag from /opt/airflow/dags/training-evaluating-hosting.py
[2025-05-02T20:26:08.885+0000] {processor.py:840} INFO - DAG(s) 'sysdes_component_pipeline' retrieved from /opt/airflow/dags/training-evaluating-hosting.py
[2025-05-02T20:26:08.904+0000] {logging_mixin.py:188} INFO - [2025-05-02T20:26:08.904+0000] {dag.py:3036} INFO - Sync 1 DAGs
[2025-05-02T20:26:08.910+0000] {logging_mixin.py:188} INFO - [2025-05-02T20:26:08.910+0000] {dag.py:3823} INFO - Setting next_dagrun for sysdes_component_pipeline to None, run_after=None
[2025-05-02T20:26:08.918+0000] {processor.py:183} INFO - Processing /opt/airflow/dags/training-evaluating-hosting.py took 0.050 seconds
[2025-05-02T20:26:39.122+0000] {processor.py:161} INFO - Started process (PID=39) to work on /opt/airflow/dags/training-evaluating-hosting.py
[2025-05-02T20:26:39.122+0000] {processor.py:830} INFO - Processing file /opt/airflow/dags/training-evaluating-hosting.py for tasks to queue
[2025-05-02T20:26:39.125+0000] {logging_mixin.py:188} INFO - [2025-05-02T20:26:39.124+0000] {dagbag.py:538} INFO - Filling up the DagBag from /opt/airflow/dags/training-evaluating-hosting.py
[2025-05-02T20:26:39.137+0000] {processor.py:840} INFO - DAG(s) 'sysdes_component_pipeline' retrieved from /opt/airflow/dags/training-evaluating-hosting.py
[2025-05-02T20:26:39.157+0000] {logging_mixin.py:188} INFO - [2025-05-02T20:26:39.157+0000] {dag.py:3036} INFO - Sync 1 DAGs
[2025-05-02T20:26:39.163+0000] {logging_mixin.py:188} INFO - [2025-05-02T20:26:39.163+0000] {dag.py:3823} INFO - Setting next_dagrun for sysdes_component_pipeline to None, run_after=None
[2025-05-02T20:26:39.171+0000] {processor.py:183} INFO - Processing /opt/airflow/dags/training-evaluating-hosting.py took 0.052 seconds
[2025-05-02T20:27:09.349+0000] {processor.py:161} INFO - Started process (PID=40) to work on /opt/airflow/dags/training-evaluating-hosting.py
[2025-05-02T20:27:09.351+0000] {processor.py:830} INFO - Processing file /opt/airflow/dags/training-evaluating-hosting.py for tasks to queue
[2025-05-02T20:27:09.354+0000] {logging_mixin.py:188} INFO - [2025-05-02T20:27:09.354+0000] {dagbag.py:538} INFO - Filling up the DagBag from /opt/airflow/dags/training-evaluating-hosting.py
[2025-05-02T20:27:09.371+0000] {processor.py:840} INFO - DAG(s) 'sysdes_component_pipeline' retrieved from /opt/airflow/dags/training-evaluating-hosting.py
[2025-05-02T20:27:09.391+0000] {logging_mixin.py:188} INFO - [2025-05-02T20:27:09.391+0000] {dag.py:3036} INFO - Sync 1 DAGs
[2025-05-02T20:27:09.398+0000] {logging_mixin.py:188} INFO - [2025-05-02T20:27:09.398+0000] {dag.py:3823} INFO - Setting next_dagrun for sysdes_component_pipeline to None, run_after=None
[2025-05-02T20:27:09.407+0000] {processor.py:183} INFO - Processing /opt/airflow/dags/training-evaluating-hosting.py took 0.063 seconds
[2025-05-02T20:27:50.451+0000] {processor.py:161} INFO - Started process (PID=28) to work on /opt/airflow/dags/training-evaluating-hosting.py
[2025-05-02T20:27:50.452+0000] {processor.py:830} INFO - Processing file /opt/airflow/dags/training-evaluating-hosting.py for tasks to queue
[2025-05-02T20:27:50.454+0000] {logging_mixin.py:188} INFO - [2025-05-02T20:27:50.454+0000] {dagbag.py:538} INFO - Filling up the DagBag from /opt/airflow/dags/training-evaluating-hosting.py
[2025-05-02T20:27:50.474+0000] {processor.py:840} INFO - DAG(s) 'sysdes_component_pipeline' retrieved from /opt/airflow/dags/training-evaluating-hosting.py
[2025-05-02T20:27:50.486+0000] {logging_mixin.py:188} INFO - [2025-05-02T20:27:50.486+0000] {dag.py:3036} INFO - Sync 1 DAGs
[2025-05-02T20:27:50.493+0000] {logging_mixin.py:188} INFO - [2025-05-02T20:27:50.493+0000] {dag.py:3823} INFO - Setting next_dagrun for sysdes_component_pipeline to None, run_after=None
[2025-05-02T20:27:50.501+0000] {processor.py:183} INFO - Processing /opt/airflow/dags/training-evaluating-hosting.py took 0.052 seconds
[2025-05-02T20:28:20.647+0000] {processor.py:161} INFO - Started process (PID=29) to work on /opt/airflow/dags/training-evaluating-hosting.py
[2025-05-02T20:28:20.648+0000] {processor.py:830} INFO - Processing file /opt/airflow/dags/training-evaluating-hosting.py for tasks to queue
[2025-05-02T20:28:20.650+0000] {logging_mixin.py:188} INFO - [2025-05-02T20:28:20.649+0000] {dagbag.py:538} INFO - Filling up the DagBag from /opt/airflow/dags/training-evaluating-hosting.py
[2025-05-02T20:28:20.658+0000] {processor.py:840} INFO - DAG(s) 'sysdes_component_pipeline' retrieved from /opt/airflow/dags/training-evaluating-hosting.py
[2025-05-02T20:28:20.776+0000] {logging_mixin.py:188} INFO - [2025-05-02T20:28:20.776+0000] {dag.py:3036} INFO - Sync 1 DAGs
[2025-05-02T20:28:20.780+0000] {logging_mixin.py:188} INFO - [2025-05-02T20:28:20.780+0000] {dag.py:3823} INFO - Setting next_dagrun for sysdes_component_pipeline to None, run_after=None
[2025-05-02T20:28:20.787+0000] {processor.py:183} INFO - Processing /opt/airflow/dags/training-evaluating-hosting.py took 0.143 seconds
[2025-05-02T20:28:50.829+0000] {processor.py:161} INFO - Started process (PID=30) to work on /opt/airflow/dags/training-evaluating-hosting.py
[2025-05-02T20:28:50.829+0000] {processor.py:830} INFO - Processing file /opt/airflow/dags/training-evaluating-hosting.py for tasks to queue
[2025-05-02T20:28:50.830+0000] {logging_mixin.py:188} INFO - [2025-05-02T20:28:50.830+0000] {dagbag.py:538} INFO - Filling up the DagBag from /opt/airflow/dags/training-evaluating-hosting.py
[2025-05-02T20:28:50.837+0000] {processor.py:840} INFO - DAG(s) 'sysdes_component_pipeline' retrieved from /opt/airflow/dags/training-evaluating-hosting.py
[2025-05-02T20:28:50.851+0000] {logging_mixin.py:188} INFO - [2025-05-02T20:28:50.851+0000] {dag.py:3036} INFO - Sync 1 DAGs
[2025-05-02T20:28:50.857+0000] {logging_mixin.py:188} INFO - [2025-05-02T20:28:50.857+0000] {dag.py:3823} INFO - Setting next_dagrun for sysdes_component_pipeline to None, run_after=None
[2025-05-02T20:28:50.864+0000] {processor.py:183} INFO - Processing /opt/airflow/dags/training-evaluating-hosting.py took 0.038 seconds
[2025-05-02T20:29:21.076+0000] {processor.py:161} INFO - Started process (PID=31) to work on /opt/airflow/dags/training-evaluating-hosting.py
[2025-05-02T20:29:21.077+0000] {processor.py:830} INFO - Processing file /opt/airflow/dags/training-evaluating-hosting.py for tasks to queue
[2025-05-02T20:29:21.079+0000] {logging_mixin.py:188} INFO - [2025-05-02T20:29:21.079+0000] {dagbag.py:538} INFO - Filling up the DagBag from /opt/airflow/dags/training-evaluating-hosting.py
[2025-05-02T20:29:21.091+0000] {processor.py:840} INFO - DAG(s) 'sysdes_component_pipeline' retrieved from /opt/airflow/dags/training-evaluating-hosting.py
[2025-05-02T20:29:21.110+0000] {logging_mixin.py:188} INFO - [2025-05-02T20:29:21.110+0000] {dag.py:3036} INFO - Sync 1 DAGs
[2025-05-02T20:29:21.116+0000] {logging_mixin.py:188} INFO - [2025-05-02T20:29:21.116+0000] {dag.py:3823} INFO - Setting next_dagrun for sysdes_component_pipeline to None, run_after=None
[2025-05-02T20:29:21.123+0000] {processor.py:183} INFO - Processing /opt/airflow/dags/training-evaluating-hosting.py took 0.051 seconds
[2025-05-02T20:29:51.328+0000] {processor.py:161} INFO - Started process (PID=32) to work on /opt/airflow/dags/training-evaluating-hosting.py
[2025-05-02T20:29:51.329+0000] {processor.py:830} INFO - Processing file /opt/airflow/dags/training-evaluating-hosting.py for tasks to queue
[2025-05-02T20:29:51.332+0000] {logging_mixin.py:188} INFO - [2025-05-02T20:29:51.331+0000] {dagbag.py:538} INFO - Filling up the DagBag from /opt/airflow/dags/training-evaluating-hosting.py
[2025-05-02T20:29:51.343+0000] {processor.py:840} INFO - DAG(s) 'sysdes_component_pipeline' retrieved from /opt/airflow/dags/training-evaluating-hosting.py
[2025-05-02T20:29:51.364+0000] {logging_mixin.py:188} INFO - [2025-05-02T20:29:51.364+0000] {dag.py:3036} INFO - Sync 1 DAGs
[2025-05-02T20:29:51.371+0000] {logging_mixin.py:188} INFO - [2025-05-02T20:29:51.371+0000] {dag.py:3823} INFO - Setting next_dagrun for sysdes_component_pipeline to None, run_after=None
[2025-05-02T20:29:51.379+0000] {processor.py:183} INFO - Processing /opt/airflow/dags/training-evaluating-hosting.py took 0.054 seconds
[2025-05-02T20:30:21.545+0000] {processor.py:161} INFO - Started process (PID=33) to work on /opt/airflow/dags/training-evaluating-hosting.py
[2025-05-02T20:30:21.546+0000] {processor.py:830} INFO - Processing file /opt/airflow/dags/training-evaluating-hosting.py for tasks to queue
[2025-05-02T20:30:21.548+0000] {logging_mixin.py:188} INFO - [2025-05-02T20:30:21.547+0000] {dagbag.py:538} INFO - Filling up the DagBag from /opt/airflow/dags/training-evaluating-hosting.py
[2025-05-02T20:30:21.559+0000] {processor.py:840} INFO - DAG(s) 'sysdes_component_pipeline' retrieved from /opt/airflow/dags/training-evaluating-hosting.py
[2025-05-02T20:30:21.579+0000] {logging_mixin.py:188} INFO - [2025-05-02T20:30:21.579+0000] {dag.py:3036} INFO - Sync 1 DAGs
[2025-05-02T20:30:21.585+0000] {logging_mixin.py:188} INFO - [2025-05-02T20:30:21.585+0000] {dag.py:3823} INFO - Setting next_dagrun for sysdes_component_pipeline to None, run_after=None
[2025-05-02T20:30:21.593+0000] {processor.py:183} INFO - Processing /opt/airflow/dags/training-evaluating-hosting.py took 0.052 seconds
[2025-05-02T20:30:51.769+0000] {processor.py:161} INFO - Started process (PID=34) to work on /opt/airflow/dags/training-evaluating-hosting.py
[2025-05-02T20:30:51.770+0000] {processor.py:830} INFO - Processing file /opt/airflow/dags/training-evaluating-hosting.py for tasks to queue
[2025-05-02T20:30:51.771+0000] {logging_mixin.py:188} INFO - [2025-05-02T20:30:51.771+0000] {dagbag.py:538} INFO - Filling up the DagBag from /opt/airflow/dags/training-evaluating-hosting.py
[2025-05-02T20:30:51.781+0000] {processor.py:840} INFO - DAG(s) 'sysdes_component_pipeline' retrieved from /opt/airflow/dags/training-evaluating-hosting.py
[2025-05-02T20:30:51.799+0000] {logging_mixin.py:188} INFO - [2025-05-02T20:30:51.799+0000] {dag.py:3036} INFO - Sync 1 DAGs
[2025-05-02T20:30:51.805+0000] {logging_mixin.py:188} INFO - [2025-05-02T20:30:51.805+0000] {dag.py:3823} INFO - Setting next_dagrun for sysdes_component_pipeline to None, run_after=None
[2025-05-02T20:30:51.813+0000] {processor.py:183} INFO - Processing /opt/airflow/dags/training-evaluating-hosting.py took 0.048 seconds
[2025-05-02T20:31:22.002+0000] {processor.py:161} INFO - Started process (PID=35) to work on /opt/airflow/dags/training-evaluating-hosting.py
[2025-05-02T20:31:22.002+0000] {processor.py:830} INFO - Processing file /opt/airflow/dags/training-evaluating-hosting.py for tasks to queue
[2025-05-02T20:31:22.003+0000] {logging_mixin.py:188} INFO - [2025-05-02T20:31:22.003+0000] {dagbag.py:538} INFO - Filling up the DagBag from /opt/airflow/dags/training-evaluating-hosting.py
[2025-05-02T20:31:22.010+0000] {processor.py:840} INFO - DAG(s) 'sysdes_component_pipeline' retrieved from /opt/airflow/dags/training-evaluating-hosting.py
[2025-05-02T20:31:22.027+0000] {logging_mixin.py:188} INFO - [2025-05-02T20:31:22.027+0000] {dag.py:3036} INFO - Sync 1 DAGs
[2025-05-02T20:31:22.034+0000] {logging_mixin.py:188} INFO - [2025-05-02T20:31:22.034+0000] {dag.py:3823} INFO - Setting next_dagrun for sysdes_component_pipeline to None, run_after=None
[2025-05-02T20:31:22.043+0000] {processor.py:183} INFO - Processing /opt/airflow/dags/training-evaluating-hosting.py took 0.043 seconds
